******************************************************************************
            TI ARM Clang Linker Unix v4.0.4
******************************************************************************
>> Linked Mon Mar 23 09:37:48 2026

OUTPUT FILE NAME:   <----/ti/ble/peripheral/first_stage_bootloader/RelWithDebInfo/ti_ble.first_stage_bootloader_cc23xx.elf>
ENTRY POINT SYMBOL: "resetISR"  address: 00001109


MEMORY CONFIGURATION

         name            origin    length      used     unused   attr    fill
----------------------  --------  ---------  --------  --------  ----  --------
  BOOTLOADER_FLASH      00000000   00008000  000011e8  00006e18  RW X
  APPLICATION_FLASH     00008000   00078000  00000000  00078000  RW X
  SRAM                  20000000   00010000  00000bd9  0000f427  RW X
  S2RRAM                40098000   00001000  00000000  00001000  RW
  CCFG                  4e020000   00000800  00000800  00000000  R
  LOG_DATA              90000000   00040000  00000000  00040000  R
  LOG_PTR               94000008   00040000  00000000  00040000  R


SEGMENT ALLOCATION MAP

run origin  load origin   length   init length attrs members
----------  ----------- ---------- ----------- ----- -------
00000000    00000000    000011e8   000011e8    r-x
  00000000    00000000    0000008c   0000008c    r-- .resetVecs
  0000008c    0000008c    00001108   00001108    r-x .text
  00001194    00001194    00000020   00000020    r-- .rodata
  000011b4    000011b4    00000034   00000034    r-- .cinit
20000000    20000000    00000150   00000000    rw-
  20000000    20000000    000000a9   00000000    rw- .data
  200000ac    200000ac    000000a4   00000000    rw- .bss
2000f600    2000f600    00000a00   00000000    rw-
  2000f600    2000f600    00000a00   00000000    rw- .stack
4e020000    4e020000    00000800   00000800    r--
  4e020000    4e020000    00000800   00000800    r-- .ccfg


SECTION ALLOCATION MAP

 output                                  attributes/
section   page    origin      length       input sections
--------  ----  ----------  ----------   ----------------
.resetVecs
*          0    00000000    0000008c
                  00000000    0000008c     libti_nortos_startup.a : startup_cc23x0r5_ticlang.c.obj (.resetVecs)

.binit     0    00000000    00000000

.text      0    0000008c    00001108
                  0000008c    00000178     drivers_cc23x0r5.a : PowerCC23X0.c.obj (.text.PowerCC23X0_oscillatorISR)
                  00000204    00000118     ClockPLPF3_nortos.c.obj (.text.ClockP_hwiCallback)
                  0000031c    00000104     PowerCC23X0_nortos.c.obj (.text.PowerCC23X0_standbyPolicy)
                  00000420    00000100     drivers_cc23x0r5.a : PowerCC23X0.c.obj (.text.Power_init)
                  00000520    000000f8                        : PowerCC23X0.c.obj (.text.Power_sleep)
                  00000618    000000dc                        : PowerCC23X0.c.obj (.text.PowerLPF3_sleep)
                  000006f4    000000c0     ClockPLPF3_nortos.c.obj (.text.ClockP_construct)
                  000007b4    000000b8     driverlib.a : interrupt.c.obj (.text.IntSetPriority)
                  0000086c    000000b8     drivers_cc23x0r5.a : PowerCC23X0.c.obj (.text.PowerCC23X0_lfxtQual)
                  00000924    000000ac                        : PowerCC23X0.c.obj (.text.PowerCC23X0_startHFXT)
                  000009d0    000000a8     ClockPLPF3_nortos.c.obj (.text.ClockP_stop)
                  00000a78    000000a4     ClockPLPF3_nortos.c.obj (.text.ClockP_startup)
                  00000b1c    0000009a     libc.a : memcpy16.S.obj (.text:memcpy)
                  00000bb6    00000002     libclang_rt.builtins.a : aeabi_div0.c.obj (.text.__aeabi_idiv0)
                  00000bb8    00000088     ClockPLPF3_nortos.c.obj (.text.ClockP_start)
                  00000c40    0000007c     HwiPCC23X0_nortos.c.obj (.text.HwiP_construct)
                  00000cbc    0000007c     libc.a : copy_decompress_lzss.c.obj (.text:decompress:lzss)
                  00000d38    00000070     drivers_cc23x0r5.a : PowerCC23X0.c.obj (.text.PowerLPF3_selectLFXT)
                  00000da8    00000060                        : PowerCC23X0.c.obj (.text.PowerCC23X0_hfxtAmpsettledTimeout)
                  00000e08    00000058     driverlib.a : lrfd.c.obj (.text.LRFDApplyClockDependencies)
                  00000e60    00000048                 : interrupt.c.obj (.text.IntRegister)
                  00000ea8    00000040     libclang_rt.builtins.a : aeabi_uidivmod.S.obj (.text.__aeabi_uidivmod)
                  00000ee8    00000040     Main.cpp.obj (.text.main)
                  00000f28    0000003c     libc.a : autoinit.c.obj (.text:__TI_auto_init_nobinit_nopinit)
                  00000f64    00000038     driverlib.a : interrupt.c.obj (.text.IntClearPend)
                  00000f9c    0000002c     drivers_cc23x0r5.a : PowerCC23X0.c.obj (.text.PowerLPF3_isLfincFilterAllowingStandby)
                  00000fc8    0000002c     driverlib.a : setup.c.obj (.text.SetupTrimDevice)
                  00000ff4    00000028                 : interrupt.c.obj (.text.IntEnable)
                  0000101c    00000028     libc.a : boot_cortex_m.c.obj (.text:_c_int00_noargs)
                  00001044    00000024     HwiPCC23X0_nortos.c.obj (.text.HwiP_dispatch)
                  00001068    00000024     drivers_cc23x0r5.a : List.c.obj (.text.List_put)
                  0000108c    00000018     HwiPCC23X0_nortos.c.obj (.text.HwiP_setFunc)
                  000010a4    00000016     ClockPLPF3_nortos.c.obj (.text.ClockP_setFunc)
                  000010ba    00000016     libc.a : copy_zero_init.c.obj (.text:decompress:ZI:__TI_zero_init_nomemset)
                  000010d0    00000014     drivers_cc23x0r5.a : List.c.obj (.text.List_clearList)
                  000010e4    00000012     libc.a : copy_decompress_none.c.obj (.text:decompress:none)
                  000010f6    00000002     libti_nortos_startup.a : startup_cc23x0r5_ticlang.c.obj (.text.faultISR)
                  000010f8    00000010     drivers_cc23x0r5.a : PowerCC23X0.c.obj (.text.PowerCC23X0_doWFI)
                  00001108    00000010     libti_nortos_startup.a : startup_cc23x0r5_ticlang.c.obj (.text.resetISR)
                  00001118    0000000e     HwiPCC23X0_nortos.c.obj (.text.HwiP_restore)
                  00001126    00000002     libti_nortos_startup.a : startup_cc23x0r5_ticlang.c.obj (.text.intDefaultHandler)
                  00001128    0000000c     driverlib.a : evtsvt.c.obj (.text.EVTSVTConfigureEvent)
                  00001134    0000000c     HwiPCC23X0_nortos.c.obj (.text.HwiP_disable)
                  00001140    0000000c     drivers_cc23x0r5.a : PowerCC23X0.c.obj (.text.PowerCC23X0_rtcISR)
                  0000114c    0000000c                        : PowerCC23X0.c.obj (.text.Power_getConstraintMask)
                  00001158    0000000a     Main.cpp.obj (.text._ZN12_GLOBAL__N_14JumpEj)
                  00001162    00000008     HwiPCC23X0_nortos.c.obj (.text.HwiP_clearInterrupt)
                  0000116a    00000008     HwiPCC23X0_nortos.c.obj (.text.HwiP_enableInterrupt)
                  00001172    00000002     libti_nortos_startup.a : startup_cc23x0r5_ticlang.c.obj (.text.nmiISR)
                  00001174    00000008     libclang_rt.builtins.a : aeabi_memcpy.S.obj (.text.__aeabi_memcpy)
                  0000117c    00000006     Main.cpp.obj (.text._ZN12_GLOBAL__N_17JumpAsmEjj)
                  00001182    00000006     libc.a : exit.c.obj (.text:abort)
                  00001188    00000004     ClockPLPF3_nortos.c.obj (.text.ClockP_getSystemTickPeriod)
                  0000118c    00000004     libsysbm.a : hostexit.c.obj (.text.HOSTexit)
                  00001190    00000004     libc.a : pre_init.c.obj (.text._system_pre_init)

.rodata    0    00001194    00000020
                  00001194    0000000c     ClockPLPF3_nortos.c.obj (.rodata.ClockP_defaultParams)
                  000011a0    0000000c     Main.cpp.obj (.rodata.PowerCC23X0_config)
                  000011ac    00000004     TimestampPLPF3_nortos.c.obj (.rodata.TimestampP_nativeFormat32)
                  000011b0    00000004     TimestampPLPF3_nortos.c.obj (.rodata.TimestampP_nativeFormat64)

.cinit     0    000011b4    00000034
                  000011b4    0000000d     (.cinit..data.load) [load image, compression = lzss]
                  000011c1    00000003     --HOLE-- [fill = 0]
                  000011c4    0000000c     (__TI_handler_table)
                  000011d0    00000008     (.cinit..bss.load) [load image, compression = zero_init]
                  000011d8    00000010     (__TI_cinit_table)

.init_array
*          0    00000000    00000000     UNINITIALIZED

.data      0    20000000    000000a9     UNINITIALIZED
                  20000000    0000008c     HwiPCC23X0_nortos.c.obj (.data.HwiP_dispatchTable)
                  2000008c    00000004     HwiPCC23X0_nortos.c.obj (.data.HwiP_swiPIntNum)
                  20000090    00000004     drivers_cc23x0r5.a : PowerCC23X0.c.obj (.data.PowerCC23X0_lfxtQual.lastTdcCount)
                  20000094    00000004                        : PowerCC23X0.c.obj (.data.PowerLPF3_lfclkQualFxn)
                  20000098    00000004                        : PowerCC23X0.c.obj (.data.constraintMask)
                  2000009c    00000004                        : PowerCC23X0.c.obj (.data.policyFxn)
                  200000a0    00000004                        : PowerCC23X0.c.obj (.data.startInitialHfxtAmpCompFxn)
                  200000a4    00000001     ClockPLPF3_nortos.c.obj (.data.ClockP_initialized)
                  200000a5    00000001     drivers_cc23x0r5.a : PowerCC23X0.c.obj (.data.isInitialized)
                  200000a6    00000001                        : PowerCC23X0.c.obj (.data.isPolicyEnabled)
                  200000a7    00000001                        : PowerCC23X0.c.obj (.data.powerState)
                  200000a8    00000001     Main.cpp.obj (.data.wait)

.bss       0    200000ac    000000a4     UNINITIALIZED
                  200000ac    00000044     drivers_cc23x0r5.a : PowerCC23X0.c.obj (.bss.hfxtAmpCompClock)
                  200000f0    0000001c                        : PowerCC23X0.c.obj (.bss.ckmHwi)
                  2000010c    0000001c     (.common:clockHwi)
                  20000128    00000008     ClockPLPF3_nortos.c.obj (.bss.ClockP_list)
                  20000130    00000008     drivers_cc23x0r5.a : PowerCC23X0.c.obj (.bss.notifyList)
                  20000138    00000005                        : PowerCC23X0.c.obj (.bss.constraintCounts)
                  2000013d    00000001     ClockPLPF3_nortos.c.obj (.bss.ClockP_inWorkFunc)
                  2000013e    00000001     ClockPLPF3_nortos.c.obj (.bss.ClockP_startOrStopDuringWorkFunc)
                  2000013f    00000001     --HOLE--
                  20000140    00000004     ClockPLPF3_nortos.c.obj (.bss.ClockP_nextScheduledTick)
                  20000144    00000004     ClockPLPF3_nortos.c.obj (.bss.ClockP_ticks)
                  20000148    00000004     drivers_cc23x0r5.a : PowerCC23X0.c.obj (.bss.PowerCC23X0_enterStandby.controlPreStandby)
                  2000014c    00000004     driverlib.a : lrfd.c.obj (.bss.lrfdClockDependencySets)

.ramVecs   0    20000200    0000008c     NOLOAD SECTION
                  20000200    0000008c     driverlib.a : interrupt.c.obj (.ramVecs)

.ccfg      0    4e020000    00000800
                  4e020000    00000800     Ccfg.c.obj (.ccfg)

.stack     0    2000f600    00000a00     UNINITIALIZED
                  2000f600    00000004     libc.a : boot_cortex_m.c.obj (.stack)
                  2000f604    000009fc     --HOLE--

.log_data
*          0    90000000    00000008     COPY SECTION
                  90000000    00000004     TimestampPLPF3_nortos.c.obj (.log_data)
                  90000004    00000004     TimestampPLPF3_nortos.c.obj (.log_data)

.log_ptr   0    94000008    00000000     COPY SECTION

__llvm_prf_cnts
*          0    20000000    00000000     UNINITIALIZED

__llvm_prf_bits
*          0    20000000    00000000     UNINITIALIZED

MODULE SUMMARY

       Module                           code   ro data   rw data
       ------                           ----   -------   -------
    amp-hal-ti/ti/nortos-support/CMakeFiles/ti_nortos_dpl.dir/RelWithDebInfo/__/simplelink_lowpower_f3_sdk_9_11_00_18/kernel/nortos/dpl/
       ClockPLPF3_nortos.c.obj          966    12        19
       HwiPCC23X0_nortos.c.obj          226    0         144
       PowerCC23X0_nortos.c.obj         260    0         0
       TimestampPLPF3_nortos.c.obj      0      8         0
    +--+--------------------------------+------+---------+---------+
       Total:                           1452   20        163

    ----/ti/ble/peripheral/first_stage_bootloader/CMakeFiles/ti_ble.first_stage_bootloader_cc23xx.dir/RelWithDebInfo/
       Ccfg.c.obj                       0      2048      0
       Main.cpp.obj                     80     12        1
    +--+--------------------------------+------+---------+---------+
       Total:                           80     2060      1

    /opt/ti-cgt-armllvm_4.0.4.LTS/lib/armv6m-ti-none-eabi/c/libc.a
       memcpy16.S.obj                   154    0         0
       copy_decompress_lzss.c.obj       124    0         0
       autoinit.c.obj                   60     0         0
       boot_cortex_m.c.obj              40     0         0
       copy_zero_init.c.obj             22     0         0
       copy_decompress_none.c.obj       18     0         0
       exit.c.obj                       6      0         0
       pre_init.c.obj                   4      0         0
    +--+--------------------------------+------+---------+---------+
       Total:                           428    0         0

    /opt/ti-cgt-armllvm_4.0.4.LTS/lib/armv6m-ti-none-eabi/c/libsysbm.a
       hostexit.c.obj                   4      0         0
    +--+--------------------------------+------+---------+---------+
       Total:                           4      0         0

    /opt/ti-cgt-armllvm_4.0.4.LTS/lib/armv6m-ti-none-eabi/libclang_rt.builtins.a
       aeabi_uidivmod.S.obj             64     0         0
       aeabi_memcpy.S.obj               8      0         0
       aeabi_div0.c.obj                 2      0         0
    +--+--------------------------------+------+---------+---------+
       Total:                           74     0         0

    amp-hal-ti/ti/nortos-support/RelWithDebInfo/libti_nortos_startup.a
       startup_cc23x0r5_ticlang.c.obj   22     140       0
    +--+--------------------------------+------+---------+---------+
       Total:                           22     140       0

    amp-hal-ti/ti/simplelink_lowpower_f3_sdk_9_11_00_18/source/ti/devices/cc23x0r5/lib/ticlang/m0p/driverlib/RelWithDebInfo/driverlib.a
       interrupt.c.obj                  352    0         140
       lrfd.c.obj                       88     0         4
       setup.c.obj                      44     0         0
       evtsvt.c.obj                     12     0         0
    +--+--------------------------------+------+---------+---------+
       Total:                           496    0         144

    amp-hal-ti/ti/simplelink_lowpower_f3_sdk_9_11_00_18/source/ti/drivers/lib/ticlang/m0p/drivers_cc23x0r5/RelWithDebInfo/drivers_cc23x0r5.a
       PowerCC23X0.c.obj                1748   0         164
       List.c.obj                       56     0         0
    +--+--------------------------------+------+---------+---------+
       Total:                           1804   0         164

       Stack:                           0      0         2560
       Linker Generated:                0      49        0
    +--+--------------------------------+------+---------+---------+
       Grand Total:                     4360   2269      3032


LINKER GENERATED COPY TABLES

__TI_cinit_table @ 000011d8 records: 2, size/record: 8, table size: 16
	.data: load addr=000011b4, load size=0000000d bytes, run addr=20000000, run size=000000a9 bytes, compression=lzss
	.bss: load addr=000011d0, load size=00000008 bytes, run addr=200000ac, run size=000000a4 bytes, compression=zero_init


LINKER GENERATED HANDLER TABLE

__TI_handler_table @ 000011c4 records: 3, size/record: 4, table size: 12
	index: 0, handler: __TI_decompress_lzss
	index: 1, handler: __TI_decompress_none
	index: 2, handler: __TI_zero_init


GLOBAL SYMBOLS: SORTED ALPHABETICALLY BY Name

address   name
-------   ----
0000118c  C$$EXIT
000006f5  ClockP_construct
00001189  ClockP_getSystemTickPeriod
000010a5  ClockP_setFunc
00000bb9  ClockP_start
00000a79  ClockP_startup
000009d1  ClockP_stop
00001129  EVTSVTConfigureEvent
0000118d  HOSTexit
00001163  HwiP_clearInterrupt
00000c41  HwiP_construct
00001135  HwiP_disable
00001045  HwiP_dispatch
0000116b  HwiP_enableInterrupt
00001119  HwiP_restore
0000108d  HwiP_setFunc
2000008c  HwiP_swiPIntNum
00000f65  IntClearPend
00000ff5  IntEnable
00000e61  IntRegister
000007b5  IntSetPriority
00000e09  LRFDApplyClockDependencies
000010d1  List_clearList
00001069  List_put
000011a0  PowerCC23X0_config
000010f9  PowerCC23X0_doWFI
0000031d  PowerCC23X0_standbyPolicy
00000f9d  PowerLPF3_isLfincFilterAllowingStandby
00000d39  PowerLPF3_selectLFXT
00000619  PowerLPF3_sleep
0000114d  Power_getConstraintMask
00000421  Power_init
00000521  Power_sleep
00000fc9  SetupTrimDevice
000011ac  TimestampP_nativeFormat32
90000004  TimestampP_nativeFormat32_copy
000011b0  TimestampP_nativeFormat64
90000000  TimestampP_nativeFormat64_copy
20010000  __STACK_END
00000a00  __STACK_SIZE
00000000  __TI_ATRegion0_region_sz
00000000  __TI_ATRegion0_src_addr
00000000  __TI_ATRegion0_trg_addr
00000000  __TI_ATRegion1_region_sz
00000000  __TI_ATRegion1_src_addr
00000000  __TI_ATRegion1_trg_addr
00000000  __TI_ATRegion2_region_sz
00000000  __TI_ATRegion2_src_addr
00000000  __TI_ATRegion2_trg_addr
000011d8  __TI_CINIT_Base
000011e8  __TI_CINIT_Limit
000011e8  __TI_CINIT_Warm
000011c4  __TI_Handler_Table_Base
000011d0  __TI_Handler_Table_Limit
00000f29  __TI_auto_init_nobinit_nopinit
00000cbd  __TI_decompress_lzss
000010e5  __TI_decompress_none
ffffffff  __TI_pprof_out_hndl
ffffffff  __TI_prof_data_size
ffffffff  __TI_prof_data_start
00000000  __TI_static_base__
000010bb  __TI_zero_init_nomemset
00000bb7  __aeabi_idiv0
00001175  __aeabi_memcpy
00001175  __aeabi_memcpy4
00001175  __aeabi_memcpy8
00000ea9  __aeabi_uidiv
00000ea9  __aeabi_uidivmod
ffffffff  __binit__
UNDEFED   __mpu_init
2000f600  __stack
20000000  __start___llvm_prf_bits
20000000  __start___llvm_prf_cnts
20000000  __stop___llvm_prf_bits
20000000  __stop___llvm_prf_cnts
00080000  _application_end
00008000  _application_start
0000101d  _c_int00_noargs
00008000  _second_stage_bootloader_end
00000000  _second_stage_bootloader_start
UNDEFED   _system_post_cinit
00001191  _system_pre_init
00001183  abort
ffffffff  binit
4e020000  ccfg
2000010c  clockHwi
00000ee9  main
00000b1d  memcpy
00001109  resetISR
00000000  resetVectors
4e020000  ti_utils_build_GenMap_sym_CRC_CCFG_BOOT_CFG_begin
4e02000b  ti_utils_build_GenMap_sym_CRC_CCFG_BOOT_CFG_end
4e0207d0  ti_utils_build_GenMap_sym_CRC_CCFG_DEBUG_begin
4e0207fb  ti_utils_build_GenMap_sym_CRC_CCFG_DEBUG_end
4e020010  ti_utils_build_GenMap_sym_CRC_CCFG_begin
4e02074b  ti_utils_build_GenMap_sym_CRC_CCFG_end
200000a8  wait


GLOBAL SYMBOLS: SORTED BY Symbol Address

address   name
-------   ----
00000000  __TI_ATRegion0_region_sz
00000000  __TI_ATRegion0_src_addr
00000000  __TI_ATRegion0_trg_addr
00000000  __TI_ATRegion1_region_sz
00000000  __TI_ATRegion1_src_addr
00000000  __TI_ATRegion1_trg_addr
00000000  __TI_ATRegion2_region_sz
00000000  __TI_ATRegion2_src_addr
00000000  __TI_ATRegion2_trg_addr
00000000  __TI_static_base__
00000000  _second_stage_bootloader_start
00000000  resetVectors
0000031d  PowerCC23X0_standbyPolicy
00000421  Power_init
00000521  Power_sleep
00000619  PowerLPF3_sleep
000006f5  ClockP_construct
000007b5  IntSetPriority
000009d1  ClockP_stop
00000a00  __STACK_SIZE
00000a79  ClockP_startup
00000b1d  memcpy
00000bb7  __aeabi_idiv0
00000bb9  ClockP_start
00000c41  HwiP_construct
00000cbd  __TI_decompress_lzss
00000d39  PowerLPF3_selectLFXT
00000e09  LRFDApplyClockDependencies
00000e61  IntRegister
00000ea9  __aeabi_uidiv
00000ea9  __aeabi_uidivmod
00000ee9  main
00000f29  __TI_auto_init_nobinit_nopinit
00000f65  IntClearPend
00000f9d  PowerLPF3_isLfincFilterAllowingStandby
00000fc9  SetupTrimDevice
00000ff5  IntEnable
0000101d  _c_int00_noargs
00001045  HwiP_dispatch
00001069  List_put
0000108d  HwiP_setFunc
000010a5  ClockP_setFunc
000010bb  __TI_zero_init_nomemset
000010d1  List_clearList
000010e5  __TI_decompress_none
000010f9  PowerCC23X0_doWFI
00001109  resetISR
00001119  HwiP_restore
00001129  EVTSVTConfigureEvent
00001135  HwiP_disable
0000114d  Power_getConstraintMask
00001163  HwiP_clearInterrupt
0000116b  HwiP_enableInterrupt
00001175  __aeabi_memcpy
00001175  __aeabi_memcpy4
00001175  __aeabi_memcpy8
00001183  abort
00001189  ClockP_getSystemTickPeriod
0000118c  C$$EXIT
0000118d  HOSTexit
00001191  _system_pre_init
000011a0  PowerCC23X0_config
000011ac  TimestampP_nativeFormat32
000011b0  TimestampP_nativeFormat64
000011c4  __TI_Handler_Table_Base
000011d0  __TI_Handler_Table_Limit
000011d8  __TI_CINIT_Base
000011e8  __TI_CINIT_Limit
000011e8  __TI_CINIT_Warm
00008000  _application_start
00008000  _second_stage_bootloader_end
00080000  _application_end
20000000  __start___llvm_prf_bits
20000000  __start___llvm_prf_cnts
20000000  __stop___llvm_prf_bits
20000000  __stop___llvm_prf_cnts
2000008c  HwiP_swiPIntNum
200000a8  wait
2000010c  clockHwi
2000f600  __stack
20010000  __STACK_END
4e020000  ccfg
4e020000  ti_utils_build_GenMap_sym_CRC_CCFG_BOOT_CFG_begin
4e02000b  ti_utils_build_GenMap_sym_CRC_CCFG_BOOT_CFG_end
4e020010  ti_utils_build_GenMap_sym_CRC_CCFG_begin
4e02074b  ti_utils_build_GenMap_sym_CRC_CCFG_end
4e0207d0  ti_utils_build_GenMap_sym_CRC_CCFG_DEBUG_begin
4e0207fb  ti_utils_build_GenMap_sym_CRC_CCFG_DEBUG_end
90000000  TimestampP_nativeFormat64_copy
90000004  TimestampP_nativeFormat32_copy
ffffffff  __TI_pprof_out_hndl
ffffffff  __TI_prof_data_size
ffffffff  __TI_prof_data_start
ffffffff  __binit__
ffffffff  binit
UNDEFED   __mpu_init
UNDEFED   _system_post_cinit

[97 symbols]
